\set ECHO none
 Node ID is PID || clock timestamp 
-----------------------------------
 t
(1 row)

