\set ECHO none
t|planned_at
t|node_id
t|parent_id
t|node_type
t|total_runtime
t|strategy
t|operation
t|startup_cost
t|total_cost
t|plan_rows
t|plan_width
t|actual_startup_time
t|actual_total_time
t|actual_rows
t|actual_loops
t|parent_relationship
t|sort_key
t|sort_method
t|sort_space_used
t|sort_space_type
t|join_type
t|join_filter
t|hash_cond
t|relation_name
t|alias
t|scan_direction
t|index_name
t|index_cond
t|recheck_cond
t|tid_cond
t|merge_cond
t|subplan_name
t|function_name
t|function_call
t|filter
t|one_time_filter
t|command
t|shared_hit_blocks
t|shared_read_blocks
t|shared_written_blocks
t|local_hit_blocks
t|local_read_blocks
t|local_written_blocks
t|temp_read_blocks
t|temp_written_blocks
t|output
t|hash_buckets
t|hash_batches
t|original_hash_batches
t|peak_memory_usage
t|schema
t|cte_name
t|triggers
